.\gradlew.bat : 'offset' is not recognized as an internal or external command,
위치 줄:1 문자:100
+ ... a\java25" ; .\gradlew.bat :engine-core:test --tests "com.bangrang.wor ...
+                 ~~~~~~~~~~~~~~~~~~~~~~~~~~~~~~~~~~~~~~~~~~~~~~~~~~~~~~~~~
    + CategoryInfo          : NotSpecified: ('offset' is not...ternal command, 
   :String) [], RemoteException
    + FullyQualifiedErrorId : NativeCommandError
 
operable program or batch file.

E:\develop\git\1.devyoon91\simple-workflow-engine>if "Windows_NT" == "Windows_NT" setlocal

E:\develop\git\1.devyoon91\simple-workflow-engine>set DIRNAME=E:\develop\git\1.devyoon91\simple-workflow-engine\ 

E:\develop\git\1.devyoon91\simple-workflow-engine>if "E:\develop\git\1.devyoon91\simple-workflow-engine\" == "" set DIRNAME=. 

E:\develop\git\1.devyoon91\simple-workflow-engine>set APP_BASE_NAME=gradlew 

E:\develop\git\1.devyoon91\simple-workflow-engine>set APP_HOME=E:\develop\git\1.devyoon91\simple-workflow-engine\ 

E:\develop\git\1.devyoon91\simple-workflow-engine>for %i in ("E:\develop\git\1.devyoon91\simple-workflow-engine\") do set APP_HOME=%~fi 

E:\develop\git\1.devyoon91\simple-workflow-engine>set APP_HOME=E:\develop\git\1.devyoon91\simple-workflow-engine\ 

E:\develop\git\1.devyoon91\simple-workflow-engine>set DEFAULT_JVM_OPTS="-Xmx64m" "-Xms64m" 

E:\develop\git\1.devyoon91\simple-workflow-engine>if defined JAVA_HOME goto findJavaFromJavaHome 

E:\develop\git\1.devyoon91\simple-workflow-engine>set JAVA_HOME=E:\develop\java\java25 

E:\develop\git\1.devyoon91\simple-workflow-engine>set JAVA_EXE=E:\develop\java\java25/bin/java.exe 

E:\develop\git\1.devyoon91\simple-workflow-engine>if exist "E:\develop\java\java25/bin/java.exe" goto execute 

E:\develop\git\1.devyoon91\simple-workflow-engine>set CLASSPATH=E:\develop\git\1.devyoon91\simple-workflow-engine\\gradle\wrapper\gradle-wrapper.jar 

E:\develop\git\1.devyoon91\simple-workflow-engine>"E:\develop\java\java25/bin/java.exe" "-Xmx64m" "-Xms64m"   "-Dorg.gradle.appname=gradlew" -classpath "E:\develop\git\1.devyoon91\simple-workflow-engine\\gradle\wrapper\gradle-wrapper.jar" org.gradle.wrapper.GradleWrapperMain :engine-core:test --tests com.bangrang.workflow.engine.repository.JdbcActivityRepositoryTest --info 
WARNING: A restricted method in java.lang.System has been called
WARNING: java.lang.System::load has been called by net.rubygrapefruit.platform.
internal.NativeLibraryLoader in an unnamed module (file:/C:/Users/kimby/.gradle
/wrapper/dists/gradle-9.1.0-bin/9agqghryom9wkf8r80qlhnts3/gradle-9.1.0/lib/nati
ve-platform-0.22-milestone-28.jar)
WARNING: Use --enable-native-access=ALL-UNNAMED to avoid a warning for callers 
in this module
WARNING: Restricted methods will be blocked in a future release unless native a
ccess is enabled

Initialized native services in: C:\Users\kimby\.gradle\native
Initialized jansi services in: C:\Users\kimby\.gradle\native
The client will now receive all logging from the daemon (pid: 59440). The daemon log file: C:\Users\kimby\.gradle\daemon\9.1.0\daemon-59440.out.log
Starting 39th build in daemon [uptime: 59 mins 42.949 secs, performance: 100%, GC rate: 0.00/s, heap usage: 2% of 512 MiB, non-heap usage: 27% of 384 MiB]
Using 16 worker leases.
Now considering [E:\develop\git\1.devyoon91\simple-workflow-engine] as hierarchies to watch
Watching the file system is configured to be enabled if available
File system watching is active
Starting Build
Settings evaluated using settings file 'E:\develop\git\1.devyoon91\simple-workflow-engine\settings.gradle'.
Projects loaded. Root project using build file 'E:\develop\git\1.devyoon91\simple-workflow-engine\build.gradle'.
Included projects: [root project 'simple-workflow-engine', project ':engine-core', project ':service-app']

> Configure project :
Evaluating root project 'simple-workflow-engine' using build file 'E:\develop\git\1.devyoon91\simple-workflow-engine\build.gradle'.
Resolved plugin [id: 'java']
Resolved plugin [id: 'org.springframework.boot', version: '3.4.2', apply: false]
Resolved plugin [id: 'io.spring.dependency-management', version: '1.1.7', apply: false]
Applying dependency management to configuration 'annotationProcessor' in project 'engine-core'
Applying dependency management to configuration 'apiElements' in project 'engine-core'
Applying dependency management to configuration 'archives' in project 'engine-core'
Applying dependency management to configuration 'compileClasspath' in project 'engine-core'
Applying dependency management to configuration 'compileOnly' in project 'engine-core'
Applying dependency management to configuration 'default' in project 'engine-core'
Applying dependency management to configuration 'implementation' in project 'engine-core'
Applying dependency management to configuration 'mainSourceElements' in project 'engine-core'
Applying dependency management to configuration 'runtimeClasspath' in project 'engine-core'
Applying dependency management to configuration 'runtimeElements' in project 'engine-core'
Applying dependency management to configuration 'runtimeOnly' in project 'engine-core'
Applying dependency management to configuration 'testAnnotationProcessor' in project 'engine-core'
Applying dependency management to configuration 'testCompileClasspath' in project 'engine-core'
Applying dependency management to configuration 'testCompileOnly' in project 'engine-core'
Applying dependency management to configuration 'testImplementation' in project 'engine-core'
Applying dependency management to configuration 'testResultsElementsForTest' in project 'engine-core'
Applying dependency management to configuration 'testRuntimeClasspath' in project 'engine-core'
Applying dependency management to configuration 'testRuntimeOnly' in project 'engine-core'
Applying dependency management to configuration 'annotationProcessor' in project 'service-app'
Applying dependency management to configuration 'apiElements' in project 'service-app'
Applying dependency management to configuration 'archives' in project 'service-app'
Applying dependency management to configuration 'compileClasspath' in project 'service-app'
Applying dependency management to configuration 'compileOnly' in project 'service-app'
Applying dependency management to configuration 'default' in project 'service-app'
Applying dependency management to configuration 'implementation' in project 'service-app'
Applying dependency management to configuration 'mainSourceElements' in project 'service-app'
Applying dependency management to configuration 'runtimeClasspath' in project 'service-app'
Applying dependency management to configuration 'runtimeElements' in project 'service-app'
Applying dependency management to configuration 'runtimeOnly' in project 'service-app'
Applying dependency management to configuration 'testAnnotationProcessor' in project 'service-app'
Applying dependency management to configuration 'testCompileClasspath' in project 'service-app'
Applying dependency management to configuration 'testCompileOnly' in project 'service-app'
Applying dependency management to configuration 'testImplementation' in project 'service-app'
Applying dependency management to configuration 'testResultsElementsForTest' in project 'service-app'
Applying dependency management to configuration 'testRuntimeClasspath' in project 'service-app'
Applying dependency management to configuration 'testRuntimeOnly' in project 'service-app'

> Configure project :engine-core
Evaluating project ':engine-core' using build file 'E:\develop\git\1.devyoon91\simple-workflow-engine\engine-core\build.gradle'.

> Configure project :service-app
Evaluating project ':service-app' using build file 'E:\develop\git\1.devyoon91\simple-workflow-engine\service-app\build.gradle'.
Resolved plugin [id: 'org.springframework.boot']
Applying dependency management to configuration 'bootArchives' in project 'service-app'
Applying dependency management to configuration 'productionRuntimeClasspath' in project 'service-app'
Applying dependency management to configuration 'developmentOnly' in project 'service-app'
Applying dependency management to configuration 'testAndDevelopmentOnly' in project 'service-app'
All projects evaluated.
Task path ':engine-core:test' matched project ':engine-core'
Task name matched 'test'
Selected primary task 'test' from project :engine-core
Resolving global dependency management for project 'engine-core'
Excluding []
Excluding []
Excluding []
Excluding []
Excluding []
Tasks to be executed: [task ':engine-core:compileJava', task ':engine-core:processResources', task ':engine-core:classes', task ':engine-core:compileTestJava', task ':engine-core:processTestResources', task ':engine-core:testClasses', task ':engine-core:test']
Tasks that were excluded: []
Resolve mutations for :engine-core:compileJava (Thread[#5702,Execution worker,5,main]) started.
:engine-core:compileJava (Thread[#5702,Execution worker,5,main]) started.

> Task :engine-core:compileJava UP-TO-DATE
Caching disabled for task ':engine-core:compileJava' because:
  Build cache is disabled
Skipping task ':engine-core:compileJava' as it is up-to-date.
Resolve mutations for :engine-core:processResources (Thread[#5702,Execution worker,5,main]) started.
:engine-core:processResources (Thread[#5702,Execution worker,5,main]) started.

> Task :engine-core:processResources UP-TO-DATE
Caching disabled for task ':engine-core:processResources' because:
  Build cache is disabled
  Not worth caching
Skipping task ':engine-core:processResources' as it is up-to-date.
Resolve mutations for :engine-core:classes (Thread[#5702,Execution worker,5,main]) started.
:engine-core:classes (Thread[#5707,Execution worker Thread 6,5,main]) started.

> Task :engine-core:classes UP-TO-DATE
Skipping task ':engine-core:classes' as it has no actions.
Resolve mutations for :engine-core:compileTestJava (Thread[#5707,Execution worker Thread 6,5,main]) started.
:engine-core:compileTestJava (Thread[#5707,Execution worker Thread 6,5,main]) started.

> Task :engine-core:compileTestJava UP-TO-DATE
Caching disabled for task ':engine-core:compileTestJava' because:
  Build cache is disabled
Skipping task ':engine-core:compileTestJava' as it is up-to-date.
Resolve mutations for :engine-core:processTestResources (Thread[#5707,Execution worker Thread 6,5,main]) started.
:engine-core:processTestResources (Thread[#5707,Execution worker Thread 6,5,main]) started.

> Task :engine-core:processTestResources NO-SOURCE
Skipping task ':engine-core:processTestResources' as it has no source files and no previous output files.
Resolve mutations for :engine-core:testClasses (Thread[#5707,Execution worker Thread 6,5,main]) started.
:engine-core:testClasses (Thread[#5703,Execution worker Thread 2,5,main]) started.

> Task :engine-core:testClasses UP-TO-DATE
Skipping task ':engine-core:testClasses' as it has no actions.
Resolve mutations for :engine-core:test (Thread[#5703,Execution worker Thread 2,5,main]) started.
:engine-core:test (Thread[#5703,Execution worker Thread 2,5,main]) started.
Gradle Test Executor 16 started executing tests.
Gradle Test Executor 16 finished executing tests.

> Task :engine-core:test FAILED
Caching disabled for task ':engine-core:test' because:
  Build cache is disabled
Task ':engine-core:test' is not up-to-date because:
  Task has failed previously.
Starting process 'Gradle Test Executor 16'. Working directory: E:\develop\git\1.devyoon91\simple-workflow-engine\engine-core Command: E:\develop\java\java25\bin\java.exe -Dorg.gradle.internal.worker.tmpdir=E:\develop\git\1.devyoon91\simple-workflow-engine\engine-core\build\tmp\test\work -XX:+EnableDynamicAgentLoading @C:\Users\kimby\.gradle\.tmp\gradle-worker-classpath9323984563171531157txt -Xmx512m -Dfile.encoding=UTF-8 -Duser.country=KR -Duser.language=ko -Duser.variant -ea worker.org.gradle.process.internal.worker.GradleWorkerMain 'Gradle Test Executor 16'
Successfully started process 'Gradle Test Executor 16'

JdbcActivityRepositoryTest > testCreateAndFindPendingWithLock() FAILED
    org.springframework.jdbc.BadSqlGrammarException: StatementCallback; bad SQL grammar [SELECT * FROM H_WF_ACTIVITY_EXECUTION
    WHERE STATUS_ST = 'PENDING'
      AND (NEXT_RETRY_DT IS NULL OR NEXT_RETRY_DT <= CURRENT_TIMESTAMP)
      AND USE_FL = 'Y'
      AND DEL_FL = 'N'
    ORDER BY REG_DT ASC
    FOR UPDATE SKIP LOCKED
     LIMIT 10
    ]
        at app//org.springframework.jdbc.support.SQLExceptionSubclassTranslator.doTranslate(SQLExceptionSubclassTranslator.java:103)
        at app//org.springframework.jdbc.support.AbstractFallbackSQLExceptionTranslator.translate(AbstractFallbackSQLExceptionTranslator.java:107)
        at app//org.springframework.jdbc.core.JdbcTemplate.translateException(JdbcTemplate.java:1556)
        at app//org.springframework.jdbc.core.JdbcTemplate.execute(JdbcTemplate.java:408)
        at app//org.springframework.jdbc.core.JdbcTemplate.query(JdbcTemplate.java:476)
        at app//org.springframework.jdbc.core.JdbcTemplate.query(JdbcTemplate.java:486)
        at app//com.bangrang.workflow.engine.repository.JdbcActivityRepository.findPendingActivitiesWithLock(JdbcActivityRepository.java:51)
        at app//com.bangrang.workflow.engine.repository.JdbcActivityRepositoryTest.testCreateAndFindPendingWithLock(JdbcActivityRepositoryTest.java:66)

        Caused by:
        org.h2.jdbc.JdbcSQLSyntaxErrorException: Syntax error in SQL statement "SELECT * FROM H_WF_ACTIVITY_EXECUTION\000aWHERE STATUS_ST = 'PENDING'\000a  AND (NEXT_RETRY_DT IS NULL OR NEXT_RETRY_DT <= CURRENT_TIMESTAMP)\000a  AND USE_FL = 'Y'\000a  AND DEL_FL = 'N'\000aORDER BY REG_DT ASC\000aFOR UPDATE SKIP LOCKED\000a [*]LIMIT 10\000a"; SQL statement:
        SELECT * FROM H_WF_ACTIVITY_EXECUTION
        WHERE STATUS_ST = 'PENDING'
          AND (NEXT_RETRY_DT IS NULL OR NEXT_RETRY_DT <= CURRENT_TIMESTAMP)
          AND USE_FL = 'Y'
          AND DEL_FL = 'N'
        ORDER BY REG_DT ASC
        FOR UPDATE SKIP LOCKED
         LIMIT 10
         [42000-232]
            at app//org.h2.message.DbException.getJdbcSQLException(DbException.java:514)
            at app//org.h2.message.DbException.getJdbcSQLException(DbException.java:489)
            at app//org.h2.message.DbException.get(DbException.java:223)
            at app//org.h2.message.DbException.get(DbException.java:199)
            at app//org.h2.message.DbException.getSyntaxError(DbException.java:247)
            at app//org.h2.command.ParserBase.getSyntaxError(ParserBase.java:760)
            at app//org.h2.command.Parser.prepareCommand(Parser.java:487)
            at app//org.h2.engine.SessionLocal.prepareLocal(SessionLocal.java:645)
            at app//org.h2.engine.SessionLocal.prepareCommand(SessionLocal.java:561)
            at app//org.h2.jdbc.JdbcConnection.prepareCommand(JdbcConnection.java:1164)
            at app//org.h2.jdbc.JdbcStatement.executeQuery(JdbcStatement.java:94)
            at app//org.springframework.jdbc.core.JdbcTemplate$1QueryStatementCallback.doInStatement(JdbcTemplate.java:463)
            at app//org.springframework.jdbc.core.JdbcTemplate.execute(JdbcTemplate.java:393)
            ... 4 more

2 tests completed, 1 failed
Finished generating test XML results (0.001 secs) into: E:\develop\git\1.devyoon91\simple-workflow-engine\engine-core\build\test-results\test
Generating HTML test report...
Finished generating test html results (0.002 secs) into: E:\develop\git\1.devyoon91\simple-workflow-engine\engine-core\build\reports\tests\test

FAILURE: Build failed with an exception.

* What went wrong:
Execution failed for task ':engine-core:test'.
> There were failing tests. See the report at: file:///E:/develop/git/1.devyoon
91/simple-workflow-engine/engine-core/build/reports/tests/test/index.html

* Try:
> Run with --scan to generate a Build Scan (Powered by Develocity).

BUILD FAILED in 1s
4 actionable tasks: 1 executed, 3 up-to-date
Watched directory hierarchies: [E:\develop\git\1.devyoon91\simple-workflow-engine]

E:\develop\git\1.devyoon91\simple-workflow-engine>if 1 EQU 0 goto mainEnd 

E:\develop\git\1.devyoon91\simple-workflow-engine>rem Set variable GRADLE_EXIT_CONSOLE if you need the any error return code to be propagated. 

E:\develop\git\1.devyoon91\simple-workflow-engine>if not "" == "" exit 1 

E:\develop\git\1.devyoon91\simple-workflow-engine>exit /b 1 
